 43.59	435492	435492	U	0	unclassified
 56.41	563685	0	R	1	root
 56.41	563685	471160	K	2	  covid
  9.26	92525	92235	P	4	    omicron
  0.01	133	92	C	11	      BA.1
  0.00	18	18	S	1103	        EPI_ISL_8881737
  0.00	12	12	S	1102	        EPI_ISL_9408266
  0.00	11	11	O	101	        BA.1.1
  0.00	48	35	C	104	      BA.4.6
  0.00	13	13	S	1432	        EPI_ISL_14128869
  0.00	40	26	C	103	      BA.2.75
  0.00	14	14	S	1221	        EPI_ISL_13502536
  0.00	39	34	C	12	      BA.2
  0.00	5	5	S	1202	        EPI_ISL_8923845
  0.00	12	3	C	102	      BA.2.12
  0.00	9	9	S	1211	        EPI_ISL_12742077
  0.00	11	0	C	15	      BA.5
  0.00	8	8	S	1501	        EPI_ISL_12610549
  0.00	2	2	S	1503	        EPI_ISL_12525888
  0.00	1	1	S	1502	        EPI_ISL_12686451
  0.00	5	0	C	14	      BA.4
  0.00	4	4	S	1401	        EPI_ISL_12742008
  0.00	1	1	S	1403	        EPI_ISL_12736398
  0.00	2	2	C	17	      BQ.1
