wt	0.2
Alpha	0.0
Beta	1.2
Gamma	0.0
Eta	0.1
Epsilon	0.1
Delta	0.1
Iota	0.1
Kappa	0.0
BA.1	0.2
BA.2	5.7
BA.3	0.1
BA.4	4.1
BA.5	53.9
BA.2.12	0.2
BA.2.75	0.4
BA.4.6	0.1
BF.7	19.9
BQ.1	13.5
BQ.1.1	0.0
