100.00	440	0	R	1	root
100.00	440	0	K	2	  covid
100.00	440	0	P	4	    omicron
29.32	129	0	C	102	      BA.2.12
27.95	123	0	C	104	      BA.4.6
15.68	69	0	C	11	      BA.1
15.00	66	0	C	15	      BA.5
6.82	30	0	C	12	      BA.2
5.23	23	0	C	103	      BA.2.75
