 41.55	413935	413935	U	0	unclassified
 58.45	582235	0	R	1	root
 58.45	582235	476220	K	2	  covid
 10.64	106015	105566	P	4	    omicron
  0.01	129	126	C	102	      BA.2.12
  0.00	3	3	S	1211	        EPI_ISL_12742077
  0.01	123	71	C	104	      BA.4.6
  0.01	52	52	S	1432	        EPI_ISL_14128869
  0.01	69	28	C	11	      BA.1
  0.00	22	22	O	101	        BA.1.1
  0.00	15	15	S	1102	        EPI_ISL_9408266
  0.00	4	4	S	1103	        EPI_ISL_8881737
  0.01	66	0	C	15	      BA.5
  0.01	59	59	S	1501	        EPI_ISL_12610549
  0.00	7	7	S	1503	        EPI_ISL_12525888
  0.00	30	27	C	12	      BA.2
  0.00	3	3	S	1202	        EPI_ISL_8923845
  0.00	23	12	C	103	      BA.2.75
  0.00	11	11	S	1221	        EPI_ISL_13502536
  0.00	8	0	C	14	      BA.4
  0.00	7	7	S	1401	        EPI_ISL_12742008
  0.00	1	1	S	1403	        EPI_ISL_12736398
  0.00	1	1	C	13	      BA.3
