 31.20	74328	74328	U	0	unclassified
 68.80	163933	0	R	1	root
 68.80	163933	142421	K	2	  covid
  8.86	21119	15460	P	4	    omicron
  1.69	4033	1756	C	12	      BA.2
  0.95	2268	2268	S	1201	        EPI_ISL_8770510
  0.00	9	9	S	1202	        EPI_ISL_8923845
  0.68	1624	388	C	11	      BA.1
  0.41	965	954	O	101	        BA.1.1
  0.00	11	11	S	1113	          EPI_ISL_9504608
  0.11	268	268	S	1102	        EPI_ISL_9408266
  0.00	3	3	S	1101	        EPI_ISL_8679094
  0.00	2	1	C	13	      BA.3
  0.00	1	1	S	1303	        EPI_ISL_9431889
  0.16	393	0	P	3	    wt
  0.16	393	393	C	10	      wuhan
