100.00	5860	0	R	1	root
100.00	5860	0	K	2	  covid
93.29	5467	0	P	4	    omicron
58.69	3439	0	C	12	      BA.2
30.61	1794	0	C	11	      BA.1
3.23	189	0	C	15	      BA.5
0.77	45	0	C	14	      BA.4
6.71	393	0	P	3	    wt
6.71	393	393	C	10	      wuhan
