wt	0.1
Alpha	0.9
Beta	0.3
Gamma	0.4
Eta	0.3
Epsilon	0.5
Delta	0.3
Iota	0.8
Kappa	0.3
BA.1	28.1
BA.2	51.1
BA.3	1.7
BA.4	6.5
BA.5	5.0
BA.2.12	1.5
BA.2.75	2.2
