 30.95	73751	73751	U	0	unclassified
 69.05	164510	0	R	1	root
 69.05	164510	146399	K	2	  covid
  6.39	15227	0	P	13	    Omicron
  6.39	15227	10448	C	113	      B.1.529
  1.72	4091	1810	O	602	        BA.2
  0.95	2272	2272	S	1106	          EPI_ISL_8770510
  0.00	9	9	S	1107	          EPI_ISL_8923845
  0.28	673	662	O	601	        BA.1.1
  0.00	11	11	S	1105	          EPI_ISL_9504608
  0.01	13	2	O	600	        BA.1
  0.00	8	8	S	1100	          EPI_ISL_8679094
  0.00	3	3	S	1101	          EPI_ISL_9408266
  0.00	2	1	O	603	        BA.3
  0.00	1	1	S	1111	          EPI_ISL_9431889
  0.62	1475	0	P	6	    Gamma
  0.62	1475	0	C	103	      P.1
  0.62	1475	1475	S	1003	        EPI_ISL_1365182
  0.26	620	3	P	8	    Epsilon
  0.25	594	0	C	105	      B.1.427
  0.25	592	592	S	1007	        EPI_ISL_911639
  0.00	2	2	S	1006	        EPI_ISL_802998
  0.01	23	0	C	106	      B.1.429
  0.01	23	23	S	1008	        EPI_ISL_803016
  0.17	408	0	P	9	    Delta
  0.17	408	408	C	107	      B.1.617.2
  0.08	186	0	P	4	    Alpha
  0.08	186	0	C	100	      B.1.1.7
  0.08	186	186	S	1001	        EPI_ISL_1052966
  0.04	99	0	P	7	    Eta
  0.04	99	99	C	104	      B.1.525
  0.03	82	0	P	5	    Beta
  0.03	82	0	C	102	      B.1.351
  0.03	82	82	S	1002	        EPI_ISL_1519095
  0.00	9	0	P	10	    Iota
  0.00	9	8	C	109	      B.1.526
  0.00	1	1	S	1012	        EPI_ISL_1625962
  0.00	5	0	P	11	    Kappa
  0.00	5	5	C	110	      B.1.617.1
