  1.48	41592	41592	U	0	unclassified
 98.52	2763839	113	R	1	root
 98.47	2762448	0	D	10239	  Viruses
 98.47	2762448	0	D1	2559587	    Riboviria
 98.47	2762448	0	K	2732396	      Orthornavirae
 98.47	2762448	0	P	2732408	        Pisuviricota
 98.47	2762448	0	C	2732506	          Pisoniviricetes
 98.47	2762448	0	O	76804	            Nidovirales
 98.47	2762448	0	O1	2499399	              Cornidovirineae
 98.47	2762448	0	F	11118	                Coronaviridae
 98.47	2762448	0	F1	2501931	                  Orthocoronavirinae
 98.47	2762448	0	G	694002	                    Betacoronavirus
 98.47	2762448	11	G1	2509511	                      Sarbecovirus
 98.47	2762437	49	S	694009	                        Severe acute respiratory syndrome-related coronavirus
 98.46	2762352	2762352	S1	2697049	                          Severe acute respiratory syndrome coronavirus 2
  0.00	35	0	S1	2901879	                          Severe acute respiratory syndrome coronavirus
  0.00	35	35	S2	227984	                            SARS coronavirus Tor2
  0.00	1	1	S1	1503301	                          BtRs-BetaCoV/GX2013
  0.04	1197	3	R1	131567	  cellular organisms
  0.04	1075	4	D	2	    Bacteria
  0.02	578	4	D1	1783272	      Terrabacteria group
  0.02	542	0	P	1239	        Firmicutes
  0.02	535	0	C	91061	          Bacilli
  0.02	535	0	O	1385	            Bacillales
  0.02	535	0	F	90964	              Staphylococcaceae
  0.02	535	1	G	1279	                Staphylococcus
  0.02	534	534	S	29382	                  Staphylococcus cohnii
  0.00	7	0	C	186801	          Clostridia
  0.00	7	5	O	186802	            Eubacteriales
  0.00	1	0	F	186804	              Peptostreptococcaceae
  0.00	1	0	G	1870884	                Clostridioides
  0.00	1	1	S	1496	                  Clostridioides difficile
  0.00	1	0	F	216572	              Oscillospiraceae
  0.00	1	0	G	2591381	                Dysosmobacter
  0.00	1	1	S	2093857	                  Dysosmobacter welbionis
  0.00	27	0	P	201174	        Actinobacteria
  0.00	27	0	C	1760	          Actinomycetia
  0.00	24	0	O	85007	            Corynebacteriales
  0.00	24	0	F	1762	              Mycobacteriaceae
  0.00	24	0	G	1763	                Mycobacterium
  0.00	24	0	G1	77643	                  Mycobacterium tuberculosis complex
  0.00	24	24	S	78331	                    Mycobacterium canettii
  0.00	3	0	O	85011	            Streptomycetales
  0.00	3	0	F	2062	              Streptomycetaceae
  0.00	3	0	G	1883	                Streptomyces
  0.00	3	0	S	1916	                  Streptomyces lividans
  0.00	3	3	S1	1200984	                    Streptomyces lividans 1326
  0.00	5	0	D2	1798711	        Cyanobacteria/Melainabacteria group
  0.00	5	0	P	1117	          Cyanobacteria
  0.00	5	0	O	1161	            Nostocales
  0.00	5	0	F	1162	              Nostocaceae
  0.00	5	0	G	1177	                Nostoc
  0.00	5	0	G1	2593658	                  unclassified Nostoc
  0.00	5	5	S	2576903	                    Nostoc sp. C057
  0.01	263	0	D1	1783270	      FCB group
  0.01	263	0	D2	68336	        Bacteroidetes/Chlorobi group
  0.01	263	23	P	976	          Bacteroidetes
  0.01	211	0	C	200643	            Bacteroidia
  0.01	211	15	O	171549	              Bacteroidales
  0.00	93	0	F	2005525	                Tannerellaceae
  0.00	93	93	G	375288	                  Parabacteroides
  0.00	74	25	F	815	                Bacteroidaceae
  0.00	36	13	G	816	                  Bacteroides
  0.00	18	18	S	46506	                    Bacteroides stercoris
  0.00	3	3	S	246787	                    Bacteroides cellulosilyticus
  0.00	2	2	S	291645	                    Bacteroides nordii
  0.00	13	10	G	909656	                  Phocaeicola
  0.00	3	3	S	821	                    Phocaeicola vulgatus
  0.00	11	0	F	171552	                Prevotellaceae
  0.00	11	3	G	838	                  Prevotella
  0.00	8	0	S	165179	                    Prevotella copri
  0.00	8	8	S1	537011	                      Prevotella copri DSM 18205
  0.00	8	0	F	171551	                Porphyromonadaceae
  0.00	8	0	G	836	                  Porphyromonas
  0.00	8	8	S	322095	                    Porphyromonas somerae
  0.00	7	0	F	171550	                Rikenellaceae
  0.00	7	0	G	239759	                  Alistipes
  0.00	5	0	S	328814	                    Alistipes shahii
  0.00	5	5	S1	717959	                      Alistipes shahii WAL 8301
  0.00	2	2	S	2585119	                    Alistipes dispar
  0.00	3	0	F	2005523	                Paludibacteraceae
  0.00	3	0	G	346096	                  Paludibacter
  0.00	3	0	S	185300	                    Paludibacter propionicigenes
  0.00	3	3	S1	694427	                      Paludibacter propionicigenes WB4
  0.00	27	0	C	117743	            Flavobacteriia
  0.00	27	0	O	200644	              Flavobacteriales
  0.00	24	3	F	2762318	                Weeksellaceae
  0.00	21	4	G	501783	                  Cloacibacterium
  0.00	17	17	S	237258	                    Cloacibacterium normanense
  0.00	3	0	F	49546	                Flavobacteriaceae
  0.00	2	2	G	237	                  Flavobacterium
  0.00	1	0	G	111500	                  Muricauda
  0.00	1	1	S	254955	                    Muricauda aquimarina
  0.00	2	0	C	117747	            Sphingobacteriia
  0.00	2	0	O	200666	              Sphingobacteriales
  0.00	2	0	F	84566	                Sphingobacteriaceae
  0.00	2	0	G	28453	                  Sphingobacterium
  0.00	2	2	S	258	                    Sphingobacterium spiritivorum
  0.01	229	2	P	1224	      Proteobacteria
  0.00	138	0	P1	68525	        delta/epsilon subdivisions
  0.00	135	0	C	29547	          Epsilonproteobacteria
  0.00	135	5	O	213849	            Campylobacterales
  0.00	121	15	F	2808963	              Arcobacteraceae
  0.00	106	42	G	2321111	                Aliarcobacter
  0.00	61	61	S	28198	                  Aliarcobacter cryaerophilus
  0.00	2	2	S	1564138	                  Aliarcobacter faecis
  0.00	1	1	S	255507	                  Aliarcobacter cibarius
  0.00	8	0	F	2932623	              Sulfurospirillaceae
  0.00	8	4	G	57665	                Sulfurospirillum
  0.00	4	0	G1	2618290	                  unclassified Sulfurospirillum
  0.00	4	4	S	1581011	                    Sulfurospirillum sp. UCH001
  0.00	1	0	F	72294	              Campylobacteraceae
  0.00	1	0	G	194	                Campylobacter
  0.00	1	0	G1	2593542	                  unclassified Campylobacter
  0.00	1	1	S	2840180	                    Campylobacter sp. 19-13652
  0.00	3	0	C	28221	          Deltaproteobacteria
  0.00	3	0	O	213115	            Desulfovibrionales
  0.00	3	0	F	194924	              Desulfovibrionaceae
  0.00	3	0	G	872	                Desulfovibrio
  0.00	3	3	S	876	                  Desulfovibrio desulfuricans
  0.00	65	6	C	1236	        Gammaproteobacteria
  0.00	20	0	O	91347	          Enterobacterales
  0.00	20	0	F	543	            Enterobacteriaceae
  0.00	9	0	G	547	              Enterobacter
  0.00	9	0	G1	354276	                Enterobacter cloacae complex
  0.00	9	9	S	61645	                  Enterobacter asburiae
  0.00	8	0	F1	2890311	              Klebsiella/Raoultella group
  0.00	8	3	G	570	                Klebsiella
  0.00	5	5	S	573	                  Klebsiella pneumoniae
  0.00	3	2	G	544	              Citrobacter
  0.00	1	1	G1	1344959	                Citrobacter freundii complex
  0.00	14	0	O	2887326	          Moraxellales
  0.00	14	0	F	468	            Moraxellaceae
  0.00	14	0	G	469	              Acinetobacter
  0.00	14	0	G1	909768	                Acinetobacter calcoaceticus/baumannii complex
  0.00	14	14	S	470	                  Acinetobacter baumannii
  0.00	12	0	O	135624	          Aeromonadales
  0.00	12	0	F	84642	            Aeromonadaceae
  0.00	11	11	G	642	              Aeromonas
  0.00	1	0	G	43947	              Tolumonas
  0.00	1	0	S	43948	                Tolumonas auensis
  0.00	1	1	S1	595494	                  Tolumonas auensis DSM 9187
  0.00	6	0	O	135622	          Alteromonadales
  0.00	5	0	F	267888	            Pseudoalteromonadaceae
  0.00	5	0	G	907197	              Psychrosphaera
  0.00	5	5	S	2820710	                Psychrosphaera ytuae
  0.00	1	0	F	72275	            Alteromonadaceae
  0.00	1	0	F1	2903219	              Alteromonas/Salinimonas group
  0.00	1	0	G	226	                Alteromonas
  0.00	1	1	S	589873	                  Alteromonas australica
  0.00	5	0	O	72274	          Pseudomonadales
  0.00	5	0	F	135621	            Pseudomonadaceae
  0.00	5	2	G	286	              Pseudomonas
  0.00	3	0	G1	136843	                Pseudomonas fluorescens group
  0.00	3	3	S	29442	                  Pseudomonas tolaasii
  0.00	1	0	O	135614	          Xanthomonadales
  0.00	1	0	F	32033	            Xanthomonadaceae
  0.00	1	0	G	338	              Xanthomonas
  0.00	1	0	S	456327	                Xanthomonas euvesicatoria
  0.00	1	0	S1	359387	                  Xanthomonas euvesicatoria pv. alfalfae
  0.00	1	1	S2	1365647	                    Xanthomonas euvesicatoria pv. alfalfae CFBP 3836
  0.00	1	0	O	1240482	          Orbales
  0.00	1	0	F	1240483	            Orbaceae
  0.00	1	1	G	1193503	              Gilliamella
  0.00	20	0	C	28216	        Betaproteobacteria
  0.00	16	0	O	80840	          Burkholderiales
  0.00	13	0	F	506	            Alcaligenaceae
  0.00	8	7	G	507	              Alcaligenes
  0.00	1	1	S	511	                Alcaligenes faecalis
  0.00	5	5	G	290425	              Advenella
  0.00	2	0	F	80864	            Comamonadaceae
  0.00	2	0	G	283	              Comamonas
  0.00	2	2	S	225991	                Comamonas aquatica
  0.00	1	0	F	119060	            Burkholderiaceae
  0.00	1	0	G	106589	              Cupriavidus
  0.00	1	1	S	367825	                Cupriavidus malaysiensis
  0.00	4	0	O	206351	          Neisseriales
  0.00	2	2	F	481	            Neisseriaceae
  0.00	2	0	F	1499392	            Chromobacteriaceae
  0.00	2	0	F1	90153	              Chromobacterium group
  0.00	2	2	G	535	                Chromobacterium
  0.00	3	3	C	28211	        Alphaproteobacteria
  0.00	1	0	C	1553900	        Oligoflexia
  0.00	1	0	O	2024979	          Bacteriovoracales
  0.00	1	0	F	263369	            Bacteriovoracaceae
  0.00	1	0	G	146784	              Bacteriovorax
  0.00	1	1	S	960	                Bacteriovorax stolpii
  0.00	1	0	P	40117	      Nitrospirae
  0.00	1	0	C	203693	        Nitrospira
  0.00	1	0	O	189778	          Nitrospirales
  0.00	1	0	F	189779	            Nitrospiraceae
  0.00	1	1	G	179	              Leptospirillum
  0.00	119	0	D	2759	    Eukaryota
  0.00	119	0	D1	33154	      Opisthokonta
  0.00	119	0	K	33208	        Metazoa
  0.00	119	0	K1	6072	          Eumetazoa
  0.00	119	0	K2	33213	            Bilateria
  0.00	119	0	K3	33511	              Deuterostomia
  0.00	119	0	P	7711	                Chordata
  0.00	119	0	P1	89593	                  Craniata
  0.00	119	0	P2	7742	                    Vertebrata
  0.00	119	0	P3	7776	                      Gnathostomata
  0.00	119	0	P4	117570	                        Teleostomi
  0.00	119	0	P5	117571	                          Euteleostomi
  0.00	119	0	P6	8287	                            Sarcopterygii
  0.00	119	0	P7	1338369	                              Dipnotetrapodomorpha
  0.00	119	0	P8	32523	                                Tetrapoda
  0.00	119	0	P9	32524	                                  Amniota
  0.00	119	0	C	40674	                                    Mammalia
  0.00	119	0	C1	32525	                                      Theria
  0.00	119	0	C2	9347	                                        Eutheria
  0.00	119	0	C3	1437010	                                          Boreoeutheria
  0.00	119	0	C4	314146	                                            Euarchontoglires
  0.00	119	0	O	9443	                                              Primates
  0.00	119	0	O1	376913	                                                Haplorrhini
  0.00	119	0	O2	314293	                                                  Simiiformes
  0.00	119	0	O3	9526	                                                    Catarrhini
  0.00	119	0	O4	314295	                                                      Hominoidea
  0.00	119	0	F	9604	                                                        Hominidae
  0.00	119	0	F1	207598	                                                          Homininae
  0.00	119	0	G	9605	                                                            Homo
  0.00	119	119	S	9606	                                                              Homo sapiens
  0.00	81	0	R1	2787854	  other entries
  0.00	81	81	R2	28384	    other sequences
