100.00	54217	0	R	1	root
100.00	54217	0	K	2	  covid
98.76	53543	0	P	13	    Omicron
0.94	511	0	P	4	    Alpha
0.18	95	0	P	7	    Eta
0.06	34	0	P	6	    Gamma
0.04	20	0	P	8	    Epsilon
0.03	14	0	P	5	    Beta
