 45.81	456446	456446	U	0	unclassified
 54.19	539937	0	R	1	root
 54.19	539937	458579	K	2	  covid
  8.17	81358	77511	P	4	    omicron
  0.33	3305	3134	C	15	      BA.5
  0.02	165	165	S	1501	        EPI_ISL_12610549
  0.00	6	6	S	1503	        EPI_ISL_12525888
  0.03	279	54	C	12	      BA.2
  0.02	204	198	O	102	        BA.2.12
  0.00	6	6	S	1211	          EPI_ISL_12742077
  0.00	20	17	O	103	        BA.2.75
  0.00	3	3	S	1221	          EPI_ISL_13502536
  0.00	1	1	S	1202	        EPI_ISL_8923845
  0.02	204	9	C	11	      BA.1
  0.02	176	176	S	1103	        EPI_ISL_8881737
  0.00	11	11	S	1102	        EPI_ISL_9408266
  0.00	7	7	O	101	        BA.1.1
  0.00	1	1	S	1101	        EPI_ISL_8679094
  0.01	59	0	C	14	      BA.4
  0.01	58	16	O	104	        BA.4.6
  0.00	40	40	S	1432	          EPI_ISL_14128869
  0.00	2	2	S	1431	          EPI_ISL_13709756
  0.00	1	1	S	1401	        EPI_ISL_12742008
