100.00	3847	0	R	1	root
100.00	3847	0	K	2	  covid
100.00	3847	0	P	4	    omicron
85.91	3305	0	C	15	      BA.5
7.25	279	0	C	12	      BA.2
5.30	204	0	C	11	      BA.1
1.53	59	0	C	14	      BA.4
