wt	0.5
Alpha	0.1
Beta	0.0
Gamma	0.0
Eta	0.1
Epsilon	0.2
Delta	0.1
Iota	0.2
Kappa	0.0
BA.1	0.2
BA.2	2.8
BA.3	3.9
BA.4	23.6
BA.5	40.6
BA.2.12	0.1
BA.2.75	0.4
BA.4.6	1.8
BF.7	16.2
BQ.1	9.2
BQ.1.1	0.1
