100.00	597	0	R	1	root
100.00	597	0	K	2	  covid
100.00	597	0	P	4	    omicron
50.25	300	0	C	15	      BA.5
17.76	106	0	C	104	      BA.4.6
16.92	101	0	C	11	      BA.1
12.90	77	0	C	103	      BA.2.75
2.18	13	0	C	12	      BA.2
