 43.65	434289	434289	U	0	unclassified
 56.35	560585	0	R	1	root
 56.35	560585	481952	K	2	  covid
  7.90	78633	78018	P	4	    omicron
  0.03	300	0	C	15	      BA.5
  0.03	297	297	S	1501	        EPI_ISL_12610549
  0.00	3	3	S	1503	        EPI_ISL_12525888
  0.01	106	25	C	104	      BA.4.6
  0.01	80	80	S	1432	        EPI_ISL_14128869
  0.00	1	1	S	1431	        EPI_ISL_13709756
  0.01	101	69	C	11	      BA.1
  0.00	23	23	S	1102	        EPI_ISL_9408266
  0.00	8	8	O	101	        BA.1.1
  0.00	1	1	S	1103	        EPI_ISL_8881737
  0.01	77	17	C	103	      BA.2.75
  0.01	60	60	S	1221	        EPI_ISL_13502536
  0.00	13	8	C	12	      BA.2
  0.00	5	5	S	1202	        EPI_ISL_8923845
  0.00	9	0	C	14	      BA.4
  0.00	7	7	S	1401	        EPI_ISL_12742008
  0.00	2	2	S	1403	        EPI_ISL_12736398
  0.00	7	3	C	102	      BA.2.12
  0.00	4	4	S	1211	        EPI_ISL_12742077
  0.00	2	2	C	17	      BQ.1
