 30.91	49556	49556	U	0	unclassified
 69.09	110775	0	R	1	root
 69.09	110775	101030	K	2	  covid
  5.92	9487	7982	P	4	    omicron
  0.62	989	479	C	12	      BA.2
  0.31	500	500	S	1201	        EPI_ISL_8770510
  0.01	10	10	S	1202	        EPI_ISL_8923845
  0.32	516	454	C	11	      BA.1
  0.03	41	41	S	1102	        EPI_ISL_9408266
  0.01	20	13	O	101	        BA.1.1
  0.00	7	7	S	1113	          EPI_ISL_9504608
  0.00	1	1	S	1101	        EPI_ISL_8679094
  0.16	258	0	P	3	    wt
  0.16	258	258	C	10	      wuhan
