 30.62	49089	49089	U	0	unclassified
 69.38	111242	0	R	1	root
 69.38	111242	101332	K	2	  covid
  4.72	7564	0	P	13	    Omicron
  4.72	7564	6543	C	113	      B.1.529
  0.62	994	484	O	602	        BA.2
  0.31	500	500	S	1106	          EPI_ISL_8770510
  0.01	10	10	S	1107	          EPI_ISL_8923845
  0.01	15	9	O	600	        BA.1
  0.00	5	5	S	1100	          EPI_ISL_8679094
  0.00	1	1	S	1101	          EPI_ISL_9408266
  0.01	12	4	O	601	        BA.1.1
  0.00	8	8	S	1105	          EPI_ISL_9504608
  0.65	1044	0	P	6	    Gamma
  0.65	1044	0	C	103	      P.1
  0.65	1044	1044	S	1003	        EPI_ISL_1365182
  0.52	826	1	P	8	    Epsilon
  0.50	799	0	C	105	      B.1.427
  0.50	799	799	S	1007	        EPI_ISL_911639
  0.02	26	0	C	106	      B.1.429
  0.02	26	26	S	1008	        EPI_ISL_803016
  0.16	253	0	P	5	    Beta
  0.16	253	0	C	102	      B.1.351
  0.16	253	253	S	1002	        EPI_ISL_1519095
  0.11	174	0	P	9	    Delta
  0.11	174	174	C	107	      B.1.617.2
  0.01	23	0	P	4	    Alpha
  0.01	23	0	C	100	      B.1.1.7
  0.01	23	23	S	1001	        EPI_ISL_1052966
  0.01	20	0	P	7	    Eta
  0.01	20	20	C	104	      B.1.525
  0.00	5	0	P	10	    Iota
  0.00	5	3	C	109	      B.1.526
  0.00	2	2	S	1011	        EPI_ISL_855171
  0.00	1	0	P	11	    Kappa
  0.00	1	1	C	110	      B.1.617.1
