wt	0.3
Alpha	1.0
Beta	0.3
Gamma	0.7
Eta	0.5
Epsilon	0.7
Delta	1.0
Iota	0.6
Kappa	1.2
BA.1	52.8
BA.2	24.4
BA.3	5.7
BA.4	4.9
BA.5	1.5
BA.2.12	1.6
BA.2.75	2.8
