  1.61	31726	31726	U	0	unclassified
 98.39	1940814	28	R	1	root
 98.35	1940020	0	D	10239	  Viruses
 98.35	1940020	0	D1	2559587	    Riboviria
 98.35	1940020	0	K	2732396	      Orthornavirae
 98.35	1940020	0	P	2732408	        Pisuviricota
 98.35	1940020	0	C	2732506	          Pisoniviricetes
 98.35	1940020	0	O	76804	            Nidovirales
 98.35	1940020	0	O1	2499399	              Cornidovirineae
 98.35	1940020	0	F	11118	                Coronaviridae
 98.35	1940020	0	F1	2501931	                  Orthocoronavirinae
 98.35	1940020	0	G	694002	                    Betacoronavirus
 98.35	1940020	3	G1	2509511	                      Sarbecovirus
 98.35	1940017	30	S	694009	                        Severe acute respiratory syndrome-related coronavirus
 98.35	1939938	1939938	S1	2697049	                          Severe acute respiratory syndrome coronavirus 2
  0.00	48	0	S1	2901879	                          Severe acute respiratory syndrome coronavirus
  0.00	48	48	S2	227984	                            SARS coronavirus Tor2
  0.00	1	1	S1	1503302	                          BtRs-BetaCoV/HuB2013
  0.04	698	9	R1	131567	  cellular organisms
  0.03	598	186	D	2	    Bacteria
  0.01	274	0	D1	1783270	      FCB group
  0.01	274	0	D2	68336	        Bacteroidetes/Chlorobi group
  0.01	274	0	P	976	          Bacteroidetes
  0.01	219	0	C	200643	            Bacteroidia
  0.01	219	0	O	171549	              Bacteroidales
  0.01	193	0	F	815	                Bacteroidaceae
  0.01	190	0	G	816	                  Bacteroides
  0.01	188	188	S	46506	                    Bacteroides stercoris
  0.00	1	1	S	28113	                    Bacteroides heparinolyticus
  0.00	1	1	S	291644	                    Bacteroides salyersiae
  0.00	3	2	G	909656	                  Phocaeicola
  0.00	1	1	S	821	                    Phocaeicola vulgatus
  0.00	24	0	F	2005525	                Tannerellaceae
  0.00	24	24	G	375288	                  Parabacteroides
  0.00	2	0	F	171552	                Prevotellaceae
  0.00	2	0	G	838	                  Prevotella
  0.00	1	1	S	2801997	                    Prevotella herbatica
  0.00	1	1	S	165179	                    Prevotella copri
  0.00	55	0	C	117743	            Flavobacteriia
  0.00	55	0	O	200644	              Flavobacteriales
  0.00	55	0	F	2762318	                Weeksellaceae
  0.00	54	54	G	501783	                  Cloacibacterium
  0.00	1	0	F1	2782232	                  Chryseobacterium group
  0.00	1	0	G	2782229	                    Epilithonimonas
  0.00	1	1	S	2487072	                      Epilithonimonas vandammei
  0.01	114	1	P	1224	      Proteobacteria
  0.00	96	0	C	1236	        Gammaproteobacteria
  0.00	77	0	O	91347	          Enterobacterales
  0.00	77	0	F	543	            Enterobacteriaceae
  0.00	62	1	G	547	              Enterobacter
  0.00	56	0	G1	354276	                Enterobacter cloacae complex
  0.00	52	52	S	61645	                  Enterobacter asburiae
  0.00	3	3	S	550	                  Enterobacter cloacae
  0.00	1	1	S	1812935	                  Enterobacter roggenkampii
  0.00	5	0	G1	2608935	                unclassified Enterobacter
  0.00	5	5	S	2831892	                  Enterobacter sp. JBIWA008
  0.00	12	0	F1	2890311	              Klebsiella/Raoultella group
  0.00	12	0	G	570	                Klebsiella
  0.00	12	12	S	573	                  Klebsiella pneumoniae
  0.00	3	0	G	561	              Escherichia
  0.00	3	3	S	562	                Escherichia coli
  0.00	19	0	O	135622	          Alteromonadales
  0.00	19	0	F	72275	            Alteromonadaceae
  0.00	19	0	F1	2903219	              Alteromonas/Salinimonas group
  0.00	19	0	G	226	                Alteromonas
  0.00	19	19	S	589873	                  Alteromonas australica
  0.00	12	11	C	28216	        Betaproteobacteria
  0.00	1	0	O	80840	          Burkholderiales
  0.00	1	0	F	506	            Alcaligenaceae
  0.00	1	0	G	222	              Achromobacter
  0.00	1	1	S	85698	                Achromobacter xylosoxidans
  0.00	5	0	P1	68525	        delta/epsilon subdivisions
  0.00	5	0	C	29547	          Epsilonproteobacteria
  0.00	5	0	O	213849	            Campylobacterales
  0.00	4	1	F	2808963	              Arcobacteraceae
  0.00	3	0	G	2321111	                Aliarcobacter
  0.00	3	3	S	28198	                  Aliarcobacter cryaerophilus
  0.00	1	0	F	2932623	              Sulfurospirillaceae
  0.00	1	0	G	57665	                Sulfurospirillum
  0.00	1	0	G1	2618290	                  unclassified Sulfurospirillum
  0.00	1	1	S	1581011	                    Sulfurospirillum sp. UCH001
  0.00	23	0	D1	1783272	      Terrabacteria group
  0.00	15	0	P	1239	        Firmicutes
  0.00	15	0	C	91061	          Bacilli
  0.00	15	0	O	1385	            Bacillales
  0.00	14	0	F	90964	              Staphylococcaceae
  0.00	14	0	G	1279	                Staphylococcus
  0.00	14	14	S	29382	                  Staphylococcus cohnii
  0.00	1	1	F	186818	              Planococcaceae
  0.00	7	0	P	201174	        Actinobacteria
  0.00	7	2	C	1760	          Actinomycetia
  0.00	5	0	O	85007	            Corynebacteriales
  0.00	5	0	F	1762	              Mycobacteriaceae
  0.00	5	0	G	1763	                Mycobacterium
  0.00	5	0	G1	77643	                  Mycobacterium tuberculosis complex
  0.00	5	5	S	78331	                    Mycobacterium canettii
  0.00	1	0	D2	1798711	        Cyanobacteria/Melainabacteria group
  0.00	1	0	P	1117	          Cyanobacteria
  0.00	1	0	O	1161	            Nostocales
  0.00	1	0	F	1162	              Nostocaceae
  0.00	1	0	G	1177	                Nostoc
  0.00	1	0	S	264686	                  Nostoc edaphicum
  0.00	1	1	S1	1472755	                    Nostoc edaphicum CCNP1411
  0.00	1	0	P	203691	      Spirochaetes
  0.00	1	0	C	203692	        Spirochaetia
  0.00	1	0	O	136	          Spirochaetales
  0.00	1	0	F	2845253	            Treponemataceae
  0.00	1	0	G	157	              Treponema
  0.00	1	1	S	158	                Treponema denticola
  0.00	91	0	D	2759	    Eukaryota
  0.00	91	0	D1	33154	      Opisthokonta
  0.00	91	0	K	33208	        Metazoa
  0.00	91	0	K1	6072	          Eumetazoa
  0.00	91	0	K2	33213	            Bilateria
  0.00	91	0	K3	33511	              Deuterostomia
  0.00	91	0	P	7711	                Chordata
  0.00	91	0	P1	89593	                  Craniata
  0.00	91	0	P2	7742	                    Vertebrata
  0.00	91	0	P3	7776	                      Gnathostomata
  0.00	91	0	P4	117570	                        Teleostomi
  0.00	91	0	P5	117571	                          Euteleostomi
  0.00	91	0	P6	8287	                            Sarcopterygii
  0.00	91	0	P7	1338369	                              Dipnotetrapodomorpha
  0.00	91	0	P8	32523	                                Tetrapoda
  0.00	91	0	P9	32524	                                  Amniota
  0.00	91	0	C	40674	                                    Mammalia
  0.00	91	0	C1	32525	                                      Theria
  0.00	91	0	C2	9347	                                        Eutheria
  0.00	91	0	C3	1437010	                                          Boreoeutheria
  0.00	91	0	C4	314146	                                            Euarchontoglires
  0.00	91	0	O	9443	                                              Primates
  0.00	91	0	O1	376913	                                                Haplorrhini
  0.00	91	0	O2	314293	                                                  Simiiformes
  0.00	91	0	O3	9526	                                                    Catarrhini
  0.00	91	0	O4	314295	                                                      Hominoidea
  0.00	91	0	F	9604	                                                        Hominidae
  0.00	91	0	F1	207598	                                                          Homininae
  0.00	91	0	G	9605	                                                            Homo
  0.00	91	91	S	9606	                                                              Homo sapiens
  0.00	68	0	R1	2787854	  other entries
  0.00	68	68	R2	28384	    other sequences
