wt	0.1
Alpha	0.1
Beta	0.5
Gamma	0.0
Eta	0.2
Epsilon	1.8
Delta	0.1
Iota	0.1
Kappa	0.0
BA.1	2.4
BA.2	48.4
BA.3	3.0
BA.4	13.7
BA.5	27.2
BA.2.12	1.2
BA.2.75	0.2
BA.4.6	1.2
