 47.77	478086	478086	U	0	unclassified
 52.23	522792	0	R	1	root
 52.23	522792	449751	K	2	  covid
  7.30	73041	70511	P	4	    omicron
  0.16	1629	1217	C	15	      BA.5
  0.04	409	409	S	1501	        EPI_ISL_12610549
  0.00	2	2	S	1503	        EPI_ISL_12525888
  0.00	1	1	S	1502	        EPI_ISL_12686451
  0.04	450	144	C	12	      BA.2
  0.02	223	217	O	102	        BA.2.12
  0.00	6	6	S	1211	          EPI_ISL_12742077
  0.01	80	77	O	103	        BA.2.75
  0.00	3	3	S	1221	          EPI_ISL_13502536
  0.00	3	3	S	1202	        EPI_ISL_8923845
  0.02	181	34	C	11	      BA.1
  0.01	107	107	O	101	        BA.1.1
  0.00	29	29	S	1102	        EPI_ISL_9408266
  0.00	11	11	S	1103	        EPI_ISL_8881737
  0.01	143	0	C	14	      BA.4
  0.01	137	107	O	104	        BA.4.6
  0.00	30	30	S	1432	          EPI_ISL_14128869
  0.00	5	5	S	1401	        EPI_ISL_12742008
  0.00	1	1	S	1403	        EPI_ISL_12736398
  0.01	127	127	C	13	      BA.3
