100.00	55061	0	R	1	root
100.00	55061	0	K	2	  covid
99.56	54817	0	P	13	    Omicron
0.17	96	0	P	7	    Eta
0.12	65	0	P	4	    Alpha
0.06	33	0	P	6	    Gamma
0.05	25	0	P	8	    Epsilon
0.03	14	0	P	9	    Delta
0.02	11	0	P	5	    Beta
