 47.97	480118	480118	U	0	unclassified
 52.03	520760	0	R	1	root
 52.03	520760	465693	K	2	  covid
  5.48	54817	0	P	13	    Omicron
  5.48	54817	43670	C	113	      B.1.529
  1.10	11008	8571	O	602	        BA.2
  0.24	2435	2435	S	1106	          EPI_ISL_8770510
  0.00	2	2	S	1107	          EPI_ISL_8923845
  0.01	127	127	O	603	        BA.3
  0.00	12	0	O	600	        BA.1
  0.00	11	11	S	1102	          EPI_ISL_8881737
  0.00	1	1	S	1100	          EPI_ISL_8679094
  0.01	96	0	P	7	    Eta
  0.01	96	96	C	104	      B.1.525
  0.01	65	0	P	4	    Alpha
  0.01	65	0	C	100	      B.1.1.7
  0.01	65	65	S	1001	        EPI_ISL_1052966
  0.00	33	0	P	6	    Gamma
  0.00	33	0	C	103	      P.1
  0.00	33	33	S	1003	        EPI_ISL_1365182
  0.00	25	0	P	8	    Epsilon
  0.00	13	0	C	106	      B.1.429
  0.00	13	13	S	1008	        EPI_ISL_803016
  0.00	12	0	C	105	      B.1.427
  0.00	8	8	S	1007	        EPI_ISL_911639
  0.00	4	4	S	1006	        EPI_ISL_802998
  0.00	14	0	P	9	    Delta
  0.00	14	14	C	107	      B.1.617.2
  0.00	11	0	P	5	    Beta
  0.00	11	0	C	102	      B.1.351
  0.00	11	11	S	1002	        EPI_ISL_1519095
  0.00	4	0	P	10	    Iota
  0.00	4	1	C	109	      B.1.526
  0.00	3	3	S	1012	        EPI_ISL_1625962
  0.00	2	0	P	3	    wt
  0.00	2	2	S	1000	      wuhan
