wt	0.2
Alpha	1.7
Beta	0.2
Gamma	0.4
Eta	0.4
Epsilon	0.7
Delta	0.5
Iota	0.6
Kappa	0.2
BA.1	34.0
BA.2	40.1
BA.3	2.2
BA.4	9.1
BA.5	8.2
BA.2.12	1.6
