100.00	14955	0	R	1	root
100.00	14955	0	K	2	  covid
85.24	12747	0	P	13	    Omicron
8.79	1315	0	P	6	    Gamma
2.33	349	0	P	9	    Delta
1.16	173	0	P	4	    Alpha
1.07	160	0	P	7	    Eta
0.93	139	0	P	5	    Beta
0.37	56	0	P	8	    Epsilon
0.10	15	0	P	10	    Iota
0.01	1	0	P	11	    Kappa
