 30.50	60544	60544	U	0	unclassified
 69.50	137991	0	R	1	root
 69.50	137991	119077	K	2	  covid
  9.36	18585	14821	P	4	    omicron
  1.24	2470	1147	C	12	      BA.2
  0.66	1312	1312	S	1201	        EPI_ISL_8770510
  0.01	11	11	S	1202	        EPI_ISL_8923845
  0.64	1278	78	C	11	      BA.1
  0.35	696	696	S	1102	        EPI_ISL_9408266
  0.25	503	503	O	101	        BA.1.1
  0.00	1	1	S	1101	        EPI_ISL_8679094
  0.01	16	13	C	13	      BA.3
  0.00	2	2	S	1303	        EPI_ISL_9431889
  0.00	1	1	S	1302	        EPI_ISL_8975536
  0.17	329	0	P	3	    wt
  0.17	329	329	C	10	      wuhan
