 39.49	394600	394600	U	0	unclassified
 60.51	604661	0	R	1	root
 60.51	604661	489612	K	2	  covid
 11.51	115049	114019	P	4	    omicron
  0.08	815	751	C	104	      BA.4.6
  0.01	64	64	S	1432	        EPI_ISL_14128869
  0.01	106	63	C	11	      BA.1
  0.00	21	21	S	1102	        EPI_ISL_9408266
  0.00	14	14	O	101	        BA.1.1
  0.00	8	8	S	1103	        EPI_ISL_8881737
  0.01	62	57	C	12	      BA.2
  0.00	5	5	S	1202	        EPI_ISL_8923845
  0.00	15	0	C	15	      BA.5
  0.00	14	14	S	1501	        EPI_ISL_12610549
  0.00	1	1	S	1503	        EPI_ISL_12525888
  0.00	14	12	C	103	      BA.2.75
  0.00	2	2	S	1221	        EPI_ISL_13502536
  0.00	8	3	C	102	      BA.2.12
  0.00	5	5	S	1211	        EPI_ISL_12742077
  0.00	5	0	C	14	      BA.4
  0.00	4	4	S	1401	        EPI_ISL_12742008
  0.00	1	1	S	1403	        EPI_ISL_12736398
  0.00	4	4	C	17	      BQ.1
  0.00	1	1	C	13	      BA.3
