wt	0.3
Alpha	0.1
Beta	0.5
Gamma	0.0
Eta	0.3
Epsilon	0.5
Delta	0.1
Iota	0.1
Kappa	0.0
BA.1	0.3
BA.2	2.0
BA.3	3.4
BA.4	7.5
BA.5	3.9
BA.2.12	0.1
BA.2.75	0.4
BA.4.6	5.8
BF.7	18.5
BQ.1	56.2
BQ.1.1	0.1
