100.00	1012	0	R	1	root
100.00	1012	0	K	2	  covid
100.00	1012	0	P	4	    omicron
80.53	815	0	C	104	      BA.4.6
10.47	106	0	C	11	      BA.1
6.13	62	0	C	12	      BA.2
1.48	15	0	C	15	      BA.5
1.38	14	0	C	103	      BA.2.75
