  1.14	29742	29742	U	0	unclassified
 98.86	2571300	17	R	1	root
 98.83	2570490	0	D	10239	  Viruses
 98.83	2570490	0	D1	2559587	    Riboviria
 98.83	2570490	0	K	2732396	      Orthornavirae
 98.83	2570490	0	P	2732408	        Pisuviricota
 98.83	2570490	0	C	2732506	          Pisoniviricetes
 98.83	2570490	0	O	76804	            Nidovirales
 98.83	2570490	0	O1	2499399	              Cornidovirineae
 98.83	2570490	0	F	11118	                Coronaviridae
 98.83	2570490	0	F1	2501931	                  Orthocoronavirinae
 98.83	2570490	0	G	694002	                    Betacoronavirus
 98.83	2570490	3	G1	2509511	                      Sarbecovirus
 98.83	2570487	38	S	694009	                        Severe acute respiratory syndrome-related coronavirus
 98.82	2570366	2570366	S1	2697049	                          Severe acute respiratory syndrome coronavirus 2
  0.00	81	0	S1	2901879	                          Severe acute respiratory syndrome coronavirus
  0.00	81	81	S2	227984	                            SARS coronavirus Tor2
  0.00	1	1	S1	1503302	                          BtRs-BetaCoV/HuB2013
  0.00	1	1	S1	1503303	                          BtRs-BetaCoV/YN2013
  0.03	789	3	R1	131567	  cellular organisms
  0.03	662	220	D	2	    Bacteria
  0.01	269	0	D1	1783270	      FCB group
  0.01	269	0	D2	68336	        Bacteroidetes/Chlorobi group
  0.01	269	0	P	976	          Bacteroidetes
  0.01	269	0	C	200643	            Bacteroidia
  0.01	269	0	O	171549	              Bacteroidales
  0.01	178	0	F	815	                Bacteroidaceae
  0.00	110	1	G	816	                  Bacteroides
  0.00	109	109	S	46506	                    Bacteroides stercoris
  0.00	68	0	G	909656	                  Phocaeicola
  0.00	64	64	S	357276	                    Phocaeicola dorei
  0.00	3	3	S	821	                    Phocaeicola vulgatus
  0.00	1	0	S	376805	                    Phocaeicola salanitronis
  0.00	1	1	S1	667015	                      Phocaeicola salanitronis DSM 18170
  0.00	77	0	F	2005525	                Tannerellaceae
  0.00	77	4	G	375288	                  Parabacteroides
  0.00	73	73	S	823	                    Parabacteroides distasonis
  0.00	7	0	F	2005519	                Barnesiellaceae
  0.00	7	0	G	1348911	                  Coprobacter
  0.00	7	0	S	1501392	                    Coprobacter secundus
  0.00	7	7	S1	2751153	                      Coprobacter secundus subsp. similis
  0.00	5	0	F	2005523	                Paludibacteraceae
  0.00	5	0	G	346096	                  Paludibacter
  0.00	5	0	S	185300	                    Paludibacter propionicigenes
  0.00	5	5	S1	694427	                      Paludibacter propionicigenes WB4
  0.00	2	0	F	171550	                Rikenellaceae
  0.00	2	0	G	239759	                  Alistipes
  0.00	2	0	S	328814	                    Alistipes shahii
  0.00	2	2	S1	717959	                      Alistipes shahii WAL 8301
  0.00	109	0	P	1224	      Proteobacteria
  0.00	64	0	P1	68525	        delta/epsilon subdivisions
  0.00	39	0	C	28221	          Deltaproteobacteria
  0.00	32	0	O	69541	            Desulfuromonadales
  0.00	32	0	F	213421	              Desulfuromonadaceae
  0.00	32	0	G	890	                Desulfuromonas
  0.00	32	0	G1	2614637	                  unclassified Desulfuromonas
  0.00	32	32	S	1823759	                    Desulfuromonas sp. DDH964
  0.00	7	0	O	213115	            Desulfovibrionales
  0.00	7	0	F	194924	              Desulfovibrionaceae
  0.00	7	0	G	872	                Desulfovibrio
  0.00	7	7	S	876	                  Desulfovibrio desulfuricans
  0.00	25	0	C	29547	          Epsilonproteobacteria
  0.00	25	0	O	213849	            Campylobacterales
  0.00	14	0	F	2771471	              Thiovulaceae
  0.00	14	14	G	202746	                Sulfurimonas
  0.00	10	0	F	2808963	              Arcobacteraceae
  0.00	10	1	G	2321111	                Aliarcobacter
  0.00	9	9	S	28198	                  Aliarcobacter cryaerophilus
  0.00	1	0	F	72294	              Campylobacteraceae
  0.00	1	0	G	194	                Campylobacter
  0.00	1	1	S	195	                  Campylobacter coli
  0.00	37	1	C	1236	        Gammaproteobacteria
  0.00	13	0	O	91347	          Enterobacterales
  0.00	12	0	F	543	            Enterobacteriaceae
  0.00	12	0	F1	2890311	              Klebsiella/Raoultella group
  0.00	12	0	G	570	                Klebsiella
  0.00	12	12	S	573	                  Klebsiella pneumoniae
  0.00	1	0	F	1903409	            Erwiniaceae
  0.00	1	0	G	551	              Erwinia
  0.00	1	1	S	1922217	                Candidatus Erwinia haradaeae
  0.00	9	0	O	135618	          Methylococcales
  0.00	9	0	F	403	            Methylococcaceae
  0.00	9	0	G	416	              Methylomonas
  0.00	9	0	G1	2608980	                unclassified Methylomonas
  0.00	9	9	S	107637	                  Methylomonas sp. LW13
  0.00	7	0	O	135624	          Aeromonadales
  0.00	7	0	F	84642	            Aeromonadaceae
  0.00	6	6	G	642	              Aeromonas
  0.00	1	0	G	43947	              Tolumonas
  0.00	1	0	S	43948	                Tolumonas auensis
  0.00	1	1	S1	595494	                  Tolumonas auensis DSM 9187
  0.00	5	0	O	72274	          Pseudomonadales
  0.00	5	0	F	135621	            Pseudomonadaceae
  0.00	5	0	G	286	              Pseudomonas
  0.00	5	0	G1	136846	                Pseudomonas stutzeri group
  0.00	5	0	G2	578833	                  Pseudomonas stutzeri subgroup
  0.00	5	5	S	316	                    Pseudomonas stutzeri
  0.00	2	0	O	2887326	          Moraxellales
  0.00	2	0	F	468	            Moraxellaceae
  0.00	2	2	G	469	              Acinetobacter
  0.00	8	0	C	28216	        Betaproteobacteria
  0.00	6	0	O	206351	          Neisseriales
  0.00	6	0	F	481	            Neisseriaceae
  0.00	6	0	G	2898489	              Paralysiella
  0.00	6	6	S	2809020	                Paralysiella testudinis
  0.00	2	0	O	206389	          Rhodocyclales
  0.00	1	0	F	75787	            Rhodocyclaceae
  0.00	1	0	G	146937	              Azospira
  0.00	1	0	G1	2609269	                unclassified Azospira
  0.00	1	1	S	1765049	                  Azospira sp. I09
  0.00	1	0	F	2008795	            Azonexaceae
  0.00	1	0	G	73029	              Dechloromonas
  0.00	1	1	S	281362	                Dechloromonas denitrificans
  0.00	60	0	D1	1783272	      Terrabacteria group
  0.00	41	0	P	1239	        Firmicutes
  0.00	21	0	C	186801	          Clostridia
  0.00	21	1	O	186802	            Eubacteriales
  0.00	19	0	F	31979	              Clostridiaceae
  0.00	19	0	G	1485	                Clostridium
  0.00	18	0	S	1491	                  Clostridium botulinum
  0.00	18	0	S1	36826	                    Clostridium botulinum A
  0.00	18	18	S2	498214	                      Clostridium botulinum A3 str. Loch Maree
  0.00	1	0	S	1542	                  Clostridium novyi
  0.00	1	1	S1	386415	                    Clostridium novyi NT
  0.00	1	0	F	216572	              Oscillospiraceae
  0.00	1	0	G	216851	                Faecalibacterium
  0.00	1	1	S	853	                  Faecalibacterium prausnitzii
  0.00	20	0	C	91061	          Bacilli
  0.00	20	0	O	1385	            Bacillales
  0.00	19	0	F	90964	              Staphylococcaceae
  0.00	19	0	G	1279	                Staphylococcus
  0.00	18	18	S	29382	                  Staphylococcus cohnii
  0.00	1	1	S	1286	                  Staphylococcus simulans
  0.00	1	0	F	186822	              Paenibacillaceae
  0.00	1	0	G	55080	                Brevibacillus
  0.00	1	1	S	1393	                  Brevibacillus brevis
  0.00	18	0	P	201174	        Actinobacteria
  0.00	18	1	C	1760	          Actinomycetia
  0.00	9	0	O	85011	            Streptomycetales
  0.00	9	0	F	2062	              Streptomycetaceae
  0.00	9	0	G	228398	                Streptacidiphilus
  0.00	9	0	G1	2643834	                  unclassified Streptacidiphilus
  0.00	9	9	S	2705012	                    Streptacidiphilus sp. PB12-B1b
  0.00	8	1	O	85007	            Corynebacteriales
  0.00	6	0	F	1762	              Mycobacteriaceae
  0.00	6	0	G	1763	                Mycobacterium
  0.00	6	0	G1	77643	                  Mycobacterium tuberculosis complex
  0.00	5	5	S	78331	                    Mycobacterium canettii
  0.00	1	1	S	1773	                    Mycobacterium tuberculosis
  0.00	1	0	F	85025	              Nocardiaceae
  0.00	1	0	G	1817	                Nocardia
  0.00	1	0	S	37330	                  Nocardia nova
  0.00	1	1	S1	1415166	                    Nocardia nova SH22a
  0.00	1	0	D2	1798711	        Cyanobacteria/Melainabacteria group
  0.00	1	0	P	1117	          Cyanobacteria
  0.00	1	0	P1	1301283	            Oscillatoriophycideae
  0.00	1	0	O	1118	              Chroococcales
  0.00	1	0	F	2815910	                Geminocystaceae
  0.00	1	0	G	102234	                  Cyanobacterium
  0.00	1	0	S	379064	                    Cyanobacterium aponinum
  0.00	1	1	S1	755178	                      Cyanobacterium aponinum PCC 10605
  0.00	4	0	P	203691	      Spirochaetes
  0.00	4	0	C	203692	        Spirochaetia
  0.00	4	0	O	136	          Spirochaetales
  0.00	4	0	F	2845253	            Treponemataceae
  0.00	4	0	G	157	              Treponema
  0.00	4	0	S	88058	                Treponema primitia
  0.00	4	4	S1	545694	                  Treponema primitia ZAS-2
  0.00	124	0	D	2759	    Eukaryota
  0.00	124	0	D1	33154	      Opisthokonta
  0.00	124	0	K	33208	        Metazoa
  0.00	124	0	K1	6072	          Eumetazoa
  0.00	124	0	K2	33213	            Bilateria
  0.00	124	0	K3	33511	              Deuterostomia
  0.00	124	0	P	7711	                Chordata
  0.00	124	0	P1	89593	                  Craniata
  0.00	124	0	P2	7742	                    Vertebrata
  0.00	124	0	P3	7776	                      Gnathostomata
  0.00	124	0	P4	117570	                        Teleostomi
  0.00	124	0	P5	117571	                          Euteleostomi
  0.00	124	0	P6	8287	                            Sarcopterygii
  0.00	124	0	P7	1338369	                              Dipnotetrapodomorpha
  0.00	124	0	P8	32523	                                Tetrapoda
  0.00	124	0	P9	32524	                                  Amniota
  0.00	124	0	C	40674	                                    Mammalia
  0.00	124	0	C1	32525	                                      Theria
  0.00	124	0	C2	9347	                                        Eutheria
  0.00	124	0	C3	1437010	                                          Boreoeutheria
  0.00	124	0	C4	314146	                                            Euarchontoglires
  0.00	124	0	O	9443	                                              Primates
  0.00	124	0	O1	376913	                                                Haplorrhini
  0.00	124	0	O2	314293	                                                  Simiiformes
  0.00	124	0	O3	9526	                                                    Catarrhini
  0.00	124	0	O4	314295	                                                      Hominoidea
  0.00	124	0	F	9604	                                                        Hominidae
  0.00	124	0	F1	207598	                                                          Homininae
  0.00	124	0	G	9605	                                                            Homo
  0.00	124	124	S	9606	                                                              Homo sapiens
  0.00	4	0	R1	2787854	  other entries
  0.00	4	4	R2	28384	    other sequences
