wt	0.1
Alpha	0.1
Beta	1.5
Gamma	0.0
Eta	0.1
Epsilon	1.3
Delta	0.1
Iota	0.0
Kappa	0.1
BA.1	0.3
BA.2	56.4
BA.3	4.7
BA.4	2.8
BA.5	30.6
BA.2.12	0.9
BA.2.75	0.2
BA.4.6	0.7
