100.00	55850	0	R	1	root
100.00	55850	0	K	2	  covid
99.38	55502	0	P	13	    Omicron
0.19	108	0	P	7	    Eta
0.19	107	0	P	8	    Epsilon
0.13	71	0	P	4	    Alpha
0.05	27	0	P	6	    Gamma
0.04	24	0	P	5	    Beta
0.02	11	0	P	9	    Delta
