100.00	1417	0	R	1	root
100.00	1417	0	K	2	  covid
100.00	1417	0	P	4	    omicron
66.06	936	0	C	15	      BA.5
19.48	276	0	C	12	      BA.2
7.27	103	0	C	14	      BA.4
3.74	53	0	C	11	      BA.1
3.46	49	49	C	13	      BA.3
