 45.55	453563	453563	U	0	unclassified
 54.45	542244	0	R	1	root
 54.45	542244	486385	K	2	  covid
  5.57	55502	0	P	13	    Omicron
  5.57	55502	46368	C	113	      B.1.529
  0.91	9073	6384	O	602	        BA.2
  0.27	2688	2688	S	1106	          EPI_ISL_8770510
  0.00	1	1	S	1107	          EPI_ISL_8923845
  0.00	49	49	O	603	        BA.3
  0.00	12	0	O	600	        BA.1
  0.00	11	11	S	1102	          EPI_ISL_8881737
  0.00	1	1	S	1100	          EPI_ISL_8679094
  0.01	108	0	P	7	    Eta
  0.01	108	108	C	104	      B.1.525
  0.01	107	91	P	8	    Epsilon
  0.00	9	0	C	106	      B.1.429
  0.00	9	9	S	1008	        EPI_ISL_803016
  0.00	7	0	C	105	      B.1.427
  0.00	7	7	S	1007	        EPI_ISL_911639
  0.01	71	0	P	4	    Alpha
  0.01	71	0	C	100	      B.1.1.7
  0.01	71	71	S	1001	        EPI_ISL_1052966
  0.00	27	0	P	6	    Gamma
  0.00	27	0	C	103	      P.1
  0.00	27	27	S	1003	        EPI_ISL_1365182
  0.00	24	0	P	5	    Beta
  0.00	24	0	C	102	      B.1.351
  0.00	24	24	S	1002	        EPI_ISL_1519095
  0.00	11	0	P	9	    Delta
  0.00	11	11	C	107	      B.1.617.2
  0.00	5	0	P	10	    Iota
  0.00	5	1	C	109	      B.1.526
  0.00	4	4	S	1012	        EPI_ISL_1625962
  0.00	3	0	P	11	    Kappa
  0.00	3	3	C	110	      B.1.617.1
  0.00	1	0	P	3	    wt
  0.00	1	1	S	1000	      wuhan
