 45.42	452299	452299	U	0	unclassified
 54.58	543508	0	R	1	root
 54.58	543508	467119	K	2	  covid
  7.67	76389	74972	P	4	    omicron
  0.09	936	813	C	15	      BA.5
  0.01	121	121	S	1501	        EPI_ISL_12610549
  0.00	2	2	S	1503	        EPI_ISL_12525888
  0.03	276	38	C	12	      BA.2
  0.02	213	209	O	102	        BA.2.12
  0.00	4	4	S	1211	          EPI_ISL_12742077
  0.00	23	20	O	103	        BA.2.75
  0.00	3	3	S	1221	          EPI_ISL_13502536
  0.00	2	2	S	1202	        EPI_ISL_8923845
  0.01	103	0	C	14	      BA.4
  0.01	97	54	O	104	        BA.4.6
  0.00	39	39	S	1432	          EPI_ISL_14128869
  0.00	4	4	S	1431	          EPI_ISL_13709756
  0.00	5	5	S	1401	        EPI_ISL_12742008
  0.00	1	1	S	1403	        EPI_ISL_12736398
  0.01	53	6	C	11	      BA.1
  0.00	22	22	O	101	        BA.1.1
  0.00	14	14	S	1102	        EPI_ISL_9408266
  0.00	11	11	S	1103	        EPI_ISL_8881737
  0.00	49	49	C	13	      BA.3
