100.00	4198	0	R	1	root
100.00	4198	0	K	2	  covid
100.00	4198	0	P	4	    omicron
79.23	3326	0	C	15	      BA.5
7.79	327	0	C	11	      BA.1
6.53	274	0	C	12	      BA.2
6.46	271	0	C	14	      BA.4
