100.00	43830	0	R	1	root
100.00	43830	0	K	2	  covid
97.35	42669	0	P	13	    Omicron
2.20	963	0	P	4	    Alpha
0.22	98	0	P	7	    Eta
0.08	35	0	P	6	    Gamma
0.05	23	0	P	8	    Epsilon
0.05	23	0	P	5	    Beta
0.04	19	0	P	9	    Delta
