 48.97	488462	488462	U	0	unclassified
 51.03	508945	0	R	1	root
 51.03	508945	443075	K	2	  covid
  6.60	65870	61669	P	4	    omicron
  0.33	3326	2434	C	15	      BA.5
  0.06	550	550	S	1503	        EPI_ISL_12525888
  0.03	342	342	S	1501	        EPI_ISL_12610549
  0.03	327	283	C	11	      BA.1
  0.00	19	19	O	101	        BA.1.1
  0.00	17	17	S	1102	        EPI_ISL_9408266
  0.00	8	8	S	1103	        EPI_ISL_8881737
  0.03	274	116	C	12	      BA.2
  0.01	110	107	O	102	        BA.2.12
  0.00	3	3	S	1211	          EPI_ISL_12742077
  0.00	44	41	O	103	        BA.2.75
  0.00	3	3	S	1221	          EPI_ISL_13502536
  0.00	4	4	S	1202	        EPI_ISL_8923845
  0.03	271	0	C	14	      BA.4
  0.02	243	208	O	104	        BA.4.6
  0.00	27	27	S	1432	          EPI_ISL_14128869
  0.00	8	8	S	1431	          EPI_ISL_13709756
  0.00	22	22	S	1403	        EPI_ISL_12736398
  0.00	6	6	S	1401	        EPI_ISL_12742008
  0.00	3	3	C	13	      BA.3
