 49.25	491270	491270	U	0	unclassified
 50.75	506137	0	R	1	root
 50.75	506137	462300	K	2	  covid
  4.28	42669	0	P	13	    Omicron
  4.28	42669	31497	C	113	      B.1.529
  1.12	11160	9482	O	602	        BA.2
  0.17	1674	1674	S	1106	          EPI_ISL_8770510
  0.00	4	4	S	1107	          EPI_ISL_8923845
  0.00	9	0	O	600	        BA.1
  0.00	8	8	S	1102	          EPI_ISL_8881737
  0.00	1	1	S	1100	          EPI_ISL_8679094
  0.00	3	3	O	603	        BA.3
  0.10	963	0	P	4	    Alpha
  0.10	963	0	C	100	      B.1.1.7
  0.10	963	963	S	1001	        EPI_ISL_1052966
  0.01	98	0	P	7	    Eta
  0.01	98	98	C	104	      B.1.525
  0.00	35	0	P	6	    Gamma
  0.00	35	0	C	103	      P.1
  0.00	35	35	S	1003	        EPI_ISL_1365182
  0.00	23	0	P	5	    Beta
  0.00	23	0	C	102	      B.1.351
  0.00	23	23	S	1002	        EPI_ISL_1519095
  0.00	23	0	P	8	    Epsilon
  0.00	17	0	C	106	      B.1.429
  0.00	17	17	S	1008	        EPI_ISL_803016
  0.00	6	0	C	105	      B.1.427
  0.00	5	5	S	1007	        EPI_ISL_911639
  0.00	1	1	S	1006	        EPI_ISL_802998
  0.00	19	0	P	9	    Delta
  0.00	19	19	C	107	      B.1.617.2
  0.00	5	0	P	10	    Iota
  0.00	5	0	C	109	      B.1.526
  0.00	5	5	S	1012	        EPI_ISL_1625962
  0.00	1	0	P	3	    wt
  0.00	1	1	S	1000	      wuhan
  0.00	1	0	P	11	    Kappa
  0.00	1	1	C	110	      B.1.617.1
