wt	0.4
Alpha	0.1
Beta	0.7
Gamma	0.0
Eta	0.6
Epsilon	3.0
Delta	0.2
Iota	0.1
Kappa	0.0
BA.1	0.7
BA.2	31.1
BA.3	0.5
BA.4	15.3
BA.5	43.3
BA.2.12	0.9
BA.2.75	0.5
BA.4.6	2.4
