100.00	5079	0	R	1	root
100.00	5079	0	K	2	  covid
95.24	4837	0	P	4	    omicron
56.92	2891	0	C	11	      BA.1
34.28	1741	0	C	12	      BA.2
3.41	173	0	C	15	      BA.5
0.63	32	0	C	14	      BA.4
4.76	242	0	P	3	    wt
4.76	242	242	C	10	      wuhan
