 30.11	60289	60289	U	0	unclassified
 69.89	139936	0	R	1	root
 69.89	139936	126174	K	2	  covid
  5.87	11747	0	P	13	    Omicron
  5.87	11747	9494	C	113	      B.1.529
  0.72	1438	889	O	602	        BA.2
  0.27	539	539	S	1106	          EPI_ISL_8770510
  0.00	10	10	S	1107	          EPI_ISL_8923845
  0.40	808	796	O	601	        BA.1.1
  0.01	12	12	S	1105	          EPI_ISL_9504608
  0.00	5	0	O	600	        BA.1
  0.00	4	4	S	1100	          EPI_ISL_8679094
  0.00	1	1	S	1101	          EPI_ISL_9408266
  0.00	2	1	O	603	        BA.3
  0.00	1	1	S	1111	          EPI_ISL_9431889
  0.74	1475	0	P	6	    Gamma
  0.74	1475	0	C	103	      P.1
  0.74	1475	1475	S	1003	        EPI_ISL_1365182
  0.11	221	0	P	4	    Alpha
  0.11	221	0	C	100	      B.1.1.7
  0.11	221	221	S	1001	        EPI_ISL_1052966
  0.06	125	0	P	7	    Eta
  0.06	125	125	C	104	      B.1.525
  0.04	84	0	P	9	    Delta
  0.04	84	84	C	107	      B.1.617.2
  0.04	78	0	P	5	    Beta
  0.04	78	0	C	102	      B.1.351
  0.04	78	78	S	1002	        EPI_ISL_1519095
  0.01	25	3	P	8	    Epsilon
  0.01	21	0	C	106	      B.1.429
  0.01	21	21	S	1008	        EPI_ISL_803016
  0.00	1	0	C	105	      B.1.427
  0.00	1	1	S	1006	        EPI_ISL_802998
  0.00	6	0	P	10	    Iota
  0.00	6	6	C	109	      B.1.526
  0.00	1	0	P	11	    Kappa
  0.00	1	1	C	110	      B.1.617.1
