 30.33	60738	60738	U	0	unclassified
 69.67	139487	0	R	1	root
 69.67	139487	124267	K	2	  covid
  7.48	14978	10740	P	4	    omicron
  1.45	2900	1489	C	11	      BA.1
  0.65	1301	1289	O	101	        BA.1.1
  0.01	12	12	S	1113	          EPI_ISL_9504608
  0.05	109	109	S	1102	        EPI_ISL_9408266
  0.00	1	1	S	1101	        EPI_ISL_8679094
  0.67	1336	787	C	12	      BA.2
  0.27	539	539	S	1201	        EPI_ISL_8770510
  0.00	10	10	S	1202	        EPI_ISL_8923845
  0.00	2	1	C	13	      BA.3
  0.00	1	1	S	1303	        EPI_ISL_9431889
  0.12	242	0	P	3	    wt
  0.12	242	242	C	10	      wuhan
