wt	0.2
Alpha	0.8
Beta	0.3
Gamma	1.0
Eta	0.5
Epsilon	0.7
Delta	0.5
Iota	0.6
Kappa	0.2
BA.1	59.3
BA.2	32.3
BA.3	3.6
